
CCConfiguration.h
CCConfiguration.m
CCDrawingPrimitives.h
CCDrawingPrimitives.m

CCLabelAtlas.h
CCLabelAtlas.m

CCLayer.h
CCLayer.m

CCMenu.h
CCMenu.m

CCMenuItem.h
CCMenuItem.m
CCMotionStreak.h
CCMotionStreak.m

CCPageTurnTransition.h
CCPageTurnTransition.m
CCParallaxNode.h
CCParallaxNode.m
CCParticleExamples.h
CCParticleExamples.m
CCParticleSystem.h
CCParticleSystem.m
CCPointParticleSystem.h
CCPointParticleSystem.m
CCProgressTimer.h
CCProgressTimer.m
CCQuadParticleSystem.h
CCQuadParticleSystem.m
CCRadialTransition.h
CCRadialTransition.m

CCRenderTexture.h
CCRenderTexture.m

CCRibbon.h
CCRibbon.m
CCScene.h
CCScene.m

CCSpriteFrameCache.h
CCSpriteFrameCache.m
CCSpriteFrame.h
CCSpriteFrame.m

CCSprite.h
CCSprite.m

CCSpriteSheet.h
CCSpriteSheet.m

CCTextureAtlas.h
CCTextureAtlas.m
CCTextureCache.h
CCTextureCache.m

CCTileMapAtlas.h
CCTileMapAtlas.m
CCTMXLayer.h
CCTMXLayer.m
CCTMXObjectGroup.h
CCTMXObjectGroup.m
CCTMXTiledMap.h
CCTMXTiledMap.m
CCTMXXMLParser.h
CCTMXXMLParser.m
CCTransition.h
CCTransition.m

CCBitmapFontAtlas.h
CCBitmapFontAtlas.m

Support
    base64.c
    base64.h
    CCArray.h
    CCArray.m
    ccCArray.h
    CCFileUtils.h
    CCFileUtils.m
    CCProfiling.h
    CCProfiling.m
    ES1Renderer.h
    ES1Renderer.m
    ESRenderer.h
    OpenGL_Internal.h
    TGAlib.h
    TGAlib.m
    uthash.h
    utlist.h
    ZipUtils.h
    ZipUtils.m
